###############################################################################
#
# IAR ELF Linker V8.40.1.212/W32 for ARM                  28/Mar/2024  21:15:40
# Copyright 2007-2019 IAR Systems AB.
#
#    Output file  =  E:\STM32_IR_TRACKING_PROJECT\Debug\Exe\capture_ir.out
#    Map file     =  E:\STM32_IR_TRACKING_PROJECT\Debug\List\capture_ir.map
#    Command line =
#        -f C:\Users\thinh\AppData\Local\Temp\EW6684.tmp
#        (E:\STM32_IR_TRACKING_PROJECT\Debug\Obj\common.o
#        E:\STM32_IR_TRACKING_PROJECT\Debug\Obj\cortex_m3.o
#        E:\STM32_IR_TRACKING_PROJECT\Debug\Obj\gpio.o
#        E:\STM32_IR_TRACKING_PROJECT\Debug\Obj\main.o
#        E:\STM32_IR_TRACKING_PROJECT\Debug\Obj\startup_stm32f103cx.o
#        --no_out_extension -o
#        E:\STM32_IR_TRACKING_PROJECT\Debug\Exe\capture_ir.out --map
#        E:\STM32_IR_TRACKING_PROJECT\Debug\List\capture_ir.map --config
#        "C:\Program Files (x86)\IAR Systems\Embedded Workbench
#        8.3\arm\config\linker\ST\stm32f103x8.icf" --semihosting --entry
#        __iar_program_start --vfe --text_out locale)
#
###############################################################################

*******************************************************************************
*** RUNTIME MODEL ATTRIBUTES
***

CppFlavor       = *
__SystemLibrary = DLib
__dlib_version  = 6


*******************************************************************************
*** HEAP SELECTION
***

The basic heap was selected because no calls to memory allocation
functions were found in the application outside of system library
functions, and there are calls to deallocation functions in the
application.


*******************************************************************************
*** PLACEMENT SUMMARY
***

"A0":  place at address 0x800'0000 { ro section .intvec };
"P1":  place in [from 0x800'0000 to 0x800'ffff] { ro };
define block CSTACK with size = 2K, alignment = 8 { };
define block HEAP with size = 2K, alignment = 8 { };
"P2":  place in [from 0x2000'0000 to 0x2000'4fff] {
          rw, block CSTACK, block HEAP };

No sections matched the following patterns:

  rw  in "P2"


  Section   Kind          Address    Size  Object
  -------   ----          -------    ----  ------
"A0":                                0xec
  .intvec   ro code    0x800'0000    0xec  startup_stm32f103cx.o [1]
                     - 0x800'00ec    0xec

"P1":                               0x208
  .text     ro code    0x800'00ec    0x74  main.o [1]
  .text     ro code    0x800'0160    0x66  gpio.o [1]
  .text     ro code    0x800'01c8    0x1e  cmain.o [3]
  .text     ro code    0x800'01e6     0x4  low_level_init.o [2]
  .text     ro code    0x800'01ea     0x4  exit.o [2]
  .text     ro code    0x800'01f0     0xa  cexit.o [3]
  .text     ro code    0x800'01fc    0x14  exit.o [4]
  .text     ro code    0x800'0210     0xc  cstartup_M.o [3]
  .text     ro code    0x800'021c     0x8  startup_stm32f103cx.o [1]
  .text     ro code    0x800'0224     0x4  startup_stm32f103cx.o [1]
  .text     ro code    0x800'0228     0x4  startup_stm32f103cx.o [1]
  .text     ro code    0x800'022c     0x4  startup_stm32f103cx.o [1]
  .text     ro code    0x800'0230     0x4  startup_stm32f103cx.o [1]
  .text     ro code    0x800'0234     0x4  startup_stm32f103cx.o [1]
  .text     ro code    0x800'0238     0x4  startup_stm32f103cx.o [1]
  .text     ro code    0x800'023c     0x4  startup_stm32f103cx.o [1]
  .text     ro code    0x800'0240     0x4  startup_stm32f103cx.o [1]
  .text     ro code    0x800'0244     0x4  startup_stm32f103cx.o [1]
  .text     ro code    0x800'0248     0x4  startup_stm32f103cx.o [1]
  .text     ro code    0x800'024c     0x4  startup_stm32f103cx.o [1]
  .text     ro code    0x800'0250     0x4  startup_stm32f103cx.o [1]
  .text     ro code    0x800'0254     0x4  startup_stm32f103cx.o [1]
  .text     ro code    0x800'0258     0x4  startup_stm32f103cx.o [1]
  .text     ro code    0x800'025c     0x4  startup_stm32f103cx.o [1]
  .text     ro code    0x800'0260     0x4  startup_stm32f103cx.o [1]
  .text     ro code    0x800'0264     0x4  startup_stm32f103cx.o [1]
  .text     ro code    0x800'0268     0x4  startup_stm32f103cx.o [1]
  .text     ro code    0x800'026c     0x4  startup_stm32f103cx.o [1]
  .text     ro code    0x800'0270     0x4  startup_stm32f103cx.o [1]
  .text     ro code    0x800'0274     0x4  startup_stm32f103cx.o [1]
  .text     ro code    0x800'0278     0x4  startup_stm32f103cx.o [1]
  .text     ro code    0x800'027c     0x4  startup_stm32f103cx.o [1]
  .text     ro code    0x800'0280     0x4  startup_stm32f103cx.o [1]
  .text     ro code    0x800'0284     0x4  startup_stm32f103cx.o [1]
  .text     ro code    0x800'0288     0x4  startup_stm32f103cx.o [1]
  .text     ro code    0x800'028c     0x4  startup_stm32f103cx.o [1]
  .text     ro code    0x800'0290     0x4  startup_stm32f103cx.o [1]
  .text     ro code    0x800'0294     0x4  startup_stm32f103cx.o [1]
  .text     ro code    0x800'0298     0x4  startup_stm32f103cx.o [1]
  .text     ro code    0x800'029c     0x4  startup_stm32f103cx.o [1]
  .text     ro code    0x800'02a0     0x4  startup_stm32f103cx.o [1]
  .text     ro code    0x800'02a4     0x4  startup_stm32f103cx.o [1]
  .text     ro code    0x800'02a8     0x4  startup_stm32f103cx.o [1]
  .text     ro code    0x800'02ac     0x4  startup_stm32f103cx.o [1]
  .text     ro code    0x800'02b0     0x4  startup_stm32f103cx.o [1]
  .text     ro code    0x800'02b4     0x4  startup_stm32f103cx.o [1]
  .text     ro code    0x800'02b8     0x4  startup_stm32f103cx.o [1]
  .text     ro code    0x800'02bc     0x4  startup_stm32f103cx.o [1]
  .text     ro code    0x800'02c0     0x4  startup_stm32f103cx.o [1]
  .text     ro code    0x800'02c4     0x4  startup_stm32f103cx.o [1]
  .text     ro code    0x800'02c8     0x4  startup_stm32f103cx.o [1]
  .text     ro code    0x800'02cc     0x4  startup_stm32f103cx.o [1]
  .text     ro code    0x800'02d0     0x4  startup_stm32f103cx.o [1]
  .text     ro code    0x800'02d4     0x4  startup_stm32f103cx.o [1]
  .text     ro code    0x800'02d8     0x4  startup_stm32f103cx.o [1]
  .text     ro code    0x800'02dc     0x4  startup_stm32f103cx.o [1]
  .text     ro code    0x800'02e0     0x4  startup_stm32f103cx.o [1]
  .text     ro code    0x800'02e4     0x4  startup_stm32f103cx.o [1]
  .text     ro code    0x800'02e8     0x4  startup_stm32f103cx.o [1]
  .text     ro code    0x800'02ec     0x4  startup_stm32f103cx.o [1]
  .text     ro code    0x800'02f0     0x4  startup_stm32f103cx.o [1]
                     - 0x800'02f4   0x208

"P2":                               0x800
  CSTACK              0x2000'0000   0x800  <Block>
    CSTACK  uninit    0x2000'0000   0x800  <Block tail>
                    - 0x2000'0800   0x800

Absolute sections, part 1 of 59:     0x50
  .noinit   uninit    0x4000'0000    0x50  main.o [1]
                    - 0x4000'0050    0x50

Absolute sections, part 2 of 59:     0x50
  .noinit   uninit    0x4000'0400    0x50  main.o [1]
                    - 0x4000'0450    0x50

Absolute sections, part 3 of 59:     0x50
  .noinit   uninit    0x4000'0800    0x50  main.o [1]
                    - 0x4000'0850    0x50

Absolute sections, part 4 of 59:     0x28
  .noinit   uninit    0x4000'2800    0x28  main.o [1]
                    - 0x4000'2828    0x28

Absolute sections, part 5 of 59:      0xc
  .noinit   uninit    0x4000'2c00     0xc  main.o [1]
                    - 0x4000'2c0c     0xc

Absolute sections, part 6 of 59:     0x10
  .noinit   uninit    0x4000'3000    0x10  main.o [1]
                    - 0x4000'3010    0x10

Absolute sections, part 7 of 59:     0x24
  .noinit   uninit    0x4000'3800    0x24  main.o [1]
                    - 0x4000'3824    0x24

Absolute sections, part 8 of 59:     0x1c
  .noinit   uninit    0x4000'4400    0x1c  main.o [1]
                    - 0x4000'441c    0x1c

Absolute sections, part 9 of 59:     0x1c
  .noinit   uninit    0x4000'4800    0x1c  main.o [1]
                    - 0x4000'481c    0x1c

Absolute sections, part 10 of 59:    0x24
  .noinit   uninit    0x4000'5400    0x24  main.o [1]
                    - 0x4000'5424    0x24

Absolute sections, part 11 of 59:    0x24
  .noinit   uninit    0x4000'5800    0x24  main.o [1]
                    - 0x4000'5824    0x24

Absolute sections, part 12 of 59:    0xc0
  .noinit   uninit    0x4000'6c00    0xc0  main.o [1]
                    - 0x4000'6cc0    0xc0

Absolute sections, part 13 of 59:     0x8
  .noinit   uninit    0x4000'7000     0x8  main.o [1]
                    - 0x4000'7008     0x8

Absolute sections, part 14 of 59:    0x20
  .noinit   uninit    0x4001'0000    0x20  main.o [1]
                    - 0x4001'0020    0x20

Absolute sections, part 15 of 59:    0x18
  .noinit   uninit    0x4001'0400    0x18  main.o [1]
                    - 0x4001'0418    0x18

Absolute sections, part 16 of 59:    0x1c
  .noinit   uninit    0x4001'0800    0x1c  main.o [1]
                    - 0x4001'081c    0x1c

Absolute sections, part 17 of 59:    0x1c
  .noinit   uninit    0x4001'0c00    0x1c  main.o [1]
                    - 0x4001'0c1c    0x1c

Absolute sections, part 18 of 59:    0x1c
  .noinit   uninit    0x4001'1000    0x1c  main.o [1]
                    - 0x4001'101c    0x1c

Absolute sections, part 19 of 59:    0x1c
  .noinit   uninit    0x4001'1400    0x1c  main.o [1]
                    - 0x4001'141c    0x1c

Absolute sections, part 20 of 59:    0x1c
  .noinit   uninit    0x4001'1800    0x1c  main.o [1]
                    - 0x4001'181c    0x1c

Absolute sections, part 21 of 59:    0x50
  .noinit   uninit    0x4001'2400    0x50  main.o [1]
                    - 0x4001'2450    0x50

Absolute sections, part 22 of 59:    0x50
  .noinit   uninit    0x4001'2800    0x50  main.o [1]
                    - 0x4001'2850    0x50

Absolute sections, part 23 of 59:    0x50
  .noinit   uninit    0x4001'2c00    0x50  main.o [1]
                    - 0x4001'2c50    0x50

Absolute sections, part 24 of 59:    0x24
  .noinit   uninit    0x4001'3000    0x24  main.o [1]
                    - 0x4001'3024    0x24

Absolute sections, part 25 of 59:    0x1c
  .noinit   uninit    0x4001'3800    0x1c  main.o [1]
                    - 0x4001'381c    0x1c

Absolute sections, part 26 of 59:    0x30
  .noinit   uninit    0x4002'1000    0x30  main.o [1]
                    - 0x4002'1030    0x30

Absolute sections, part 27 of 59:    0x24
  .noinit   uninit    0x4002'2000    0x24  main.o [1]
                    - 0x4002'2024    0x24

Absolute sections, part 28 of 59:     0xc
  .noinit   uninit    0x4002'3000     0xc  main.o [1]
                    - 0x4002'300c     0xc

Absolute sections, part 29 of 59:   0xa00
  .noinit   uninit    0x4200'0000   0xa00  main.o [1]
                    - 0x4200'0a00   0xa00

Absolute sections, part 30 of 59:   0xa00
  .noinit   uninit    0x4200'8000   0xa00  main.o [1]
                    - 0x4200'8a00   0xa00

Absolute sections, part 31 of 59:   0xa00
  .noinit   uninit    0x4201'0000   0xa00  main.o [1]
                    - 0x4201'0a00   0xa00

Absolute sections, part 32 of 59:   0x500
  .noinit   uninit    0x4205'0000   0x500  main.o [1]
                    - 0x4205'0500   0x500

Absolute sections, part 33 of 59:   0x180
  .noinit   uninit    0x4205'8000   0x180  main.o [1]
                    - 0x4205'8180   0x180

Absolute sections, part 34 of 59:   0x200
  .noinit   uninit    0x4206'0000   0x200  main.o [1]
                    - 0x4206'0200   0x200

Absolute sections, part 35 of 59:   0x290
  .noinit   uninit    0x4207'0000   0x290  main.o [1]
                    - 0x4207'0290   0x290

Absolute sections, part 36 of 59:   0x304
  .noinit   uninit    0x4208'8000   0x304  main.o [1]
                    - 0x4208'8304   0x304

Absolute sections, part 37 of 59:   0x304
  .noinit   uninit    0x4209'0000   0x304  main.o [1]
                    - 0x4209'0304   0x304

Absolute sections, part 38 of 59:   0x480
  .noinit   uninit    0x420a'8000   0x480  main.o [1]
                    - 0x420a'8480   0x480

Absolute sections, part 39 of 59:   0x480
  .noinit   uninit    0x420b'0000   0x480  main.o [1]
                    - 0x420b'0480   0x480

Absolute sections, part 40 of 59:  0x1800
  .noinit   uninit    0x420d'8000  0x1800  main.o [1]
                    - 0x420d'9800  0x1800

Absolute sections, part 41 of 59:   0x100
  .noinit   uninit    0x420e'0000   0x100  main.o [1]
                    - 0x420e'0100   0x100

Absolute sections, part 42 of 59:   0x400
  .noinit   uninit    0x4220'0000   0x400  main.o [1]
                    - 0x4220'0400   0x400

Absolute sections, part 43 of 59:   0x300
  .noinit   uninit    0x4220'8000   0x300  main.o [1]
                    - 0x4220'8300   0x300

Absolute sections, part 44 of 59:   0x380
  .noinit   uninit    0x4221'0000   0x380  main.o [1]
                    - 0x4221'0380   0x380

Absolute sections, part 45 of 59:   0x380
  .noinit   uninit    0x4221'8000   0x380  main.o [1]
                    - 0x4221'8380   0x380

Absolute sections, part 46 of 59:   0x380
  .noinit   uninit    0x4222'0000   0x380  main.o [1]
                    - 0x4222'0380   0x380

Absolute sections, part 47 of 59:   0x380
  .noinit   uninit    0x4222'8000   0x380  main.o [1]
                    - 0x4222'8380   0x380

Absolute sections, part 48 of 59:   0x380
  .noinit   uninit    0x4223'0000   0x380  main.o [1]
                    - 0x4223'0380   0x380

Absolute sections, part 49 of 59:   0x810
  .noinit   uninit    0x4224'8000   0x810  main.o [1]
                    - 0x4224'8810   0x810

Absolute sections, part 50 of 59:   0x810
  .noinit   uninit    0x4225'0000   0x810  main.o [1]
                    - 0x4225'0810   0x810

Absolute sections, part 51 of 59:   0x984
  .noinit   uninit    0x4225'8000   0x984  main.o [1]
                    - 0x4225'8984   0x984

Absolute sections, part 52 of 59:   0x290
  .noinit   uninit    0x4226'0000   0x290  main.o [1]
                    - 0x4226'0290   0x290

Absolute sections, part 53 of 59:   0x304
  .noinit   uninit    0x4227'0000   0x304  main.o [1]
                    - 0x4227'0304   0x304

Absolute sections, part 54 of 59:   0x600
  .noinit   uninit    0x4242'0000   0x600  main.o [1]
                    - 0x4242'0600   0x600

Absolute sections, part 55 of 59:   0x480
  .noinit   uninit    0x4244'0000   0x480  main.o [1]
                    - 0x4244'0480   0x480

Absolute sections, part 56 of 59:   0x180
  .noinit   uninit    0x4246'0000   0x180  main.o [1]
                    - 0x4246'0180   0x180

Absolute sections, part 57 of 59:     0x4
  .noinit   uninit    0xe000'e008     0x4  main.o [1]
                    - 0xe000'e00c     0x4

Absolute sections, part 58 of 59:    0x10
  .noinit   uninit    0xe000'e010    0x10  main.o [1]
                    - 0xe000'e020    0x10

Absolute sections, part 59 of 59:   0xe04
  .noinit   uninit    0xe000'e100   0xe04  main.o [1]
                    - 0xe000'ef04   0xe04

Unused ranges:

         From           To    Size
         ----           --    ----
   0x800'02f4   0x800'ffff  0xfd0c
  0x2000'0800  0x2000'4fff  0x4800



*******************************************************************************
*** MODULE SUMMARY
***

    Module                 ro code  rw data  rw data
                                              (abs)
    ------                 -------  -------  -------
command line/config:
    ------------------------------------------------
    Total:

E:\STM32_IR_TRACKING_PROJECT\Debug\Obj: [1]
    gpio.o                     102
    main.o                     116            42'972
    startup_stm32f103cx.o      452
    ------------------------------------------------
    Total:                     670            42'972

dl7M_tln.a: [2]
    exit.o                       4
    low_level_init.o             4
    ------------------------------------------------
    Total:                       8

rt7M_tl.a: [3]
    cexit.o                     10
    cmain.o                     30
    cstartup_M.o                12
    ------------------------------------------------
    Total:                      52

shb_l.a: [4]
    exit.o                      20
    ------------------------------------------------
    Total:                      20

    Gaps                         6
    Linker created                    2'048
----------------------------------------------------
    Grand Total:               756    2'048   42'972


*******************************************************************************
*** ENTRY LIST
***

Entry                     Address    Size  Type      Object
-----                     -------    ----  ----      ------
?main                  0x800'01c9          Code  Gb  cmain.o [3]
ADC1                  0x4001'2400    0x50  Data  Gb  main.o [1]
ADC1_BITBAND          0x4224'8000   0x810  Data  Gb  main.o [1]
ADC2                  0x4001'2800    0x50  Data  Gb  main.o [1]
ADC2_BITBAND          0x4225'0000   0x810  Data  Gb  main.o [1]
AFIO                  0x4001'0000    0x20  Data  Gb  main.o [1]
AFIO_BITBAND          0x4220'0000   0x400  Data  Gb  main.o [1]
BKP                   0x4000'6c00    0xc0  Data  Gb  main.o [1]
BKP_BITBAND           0x420d'8000  0x1800  Data  Gb  main.o [1]
CRC                   0x4002'3000     0xc  Data  Gb  main.o [1]
CRC_BITBAND           0x4246'0000   0x180  Data  Gb  main.o [1]
CSTACK$$Base          0x2000'0000           --   Gb  - Linker created -
CSTACK$$Limit         0x2000'0800           --   Gb  - Linker created -
EXTI                  0x4001'0400    0x18  Data  Gb  main.o [1]
EXTI_BITBAND          0x4220'8000   0x300  Data  Gb  main.o [1]
FLASH                 0x4002'2000    0x24  Data  Gb  main.o [1]
FLASH_BITBAND         0x4244'0000   0x480  Data  Gb  main.o [1]
GPIOA                 0x4001'0800    0x1c  Data  Gb  main.o [1]
GPIOA_BITBAND         0x4221'0000   0x380  Data  Gb  main.o [1]
GPIOB                 0x4001'0c00    0x1c  Data  Gb  main.o [1]
GPIOB_BITBAND         0x4221'8000   0x380  Data  Gb  main.o [1]
GPIOC                 0x4001'1000    0x1c  Data  Gb  main.o [1]
GPIOC_BITBAND         0x4222'0000   0x380  Data  Gb  main.o [1]
GPIOD                 0x4001'1400    0x1c  Data  Gb  main.o [1]
GPIOD_BITBAND         0x4222'8000   0x380  Data  Gb  main.o [1]
GPIOE                 0x4001'1800    0x1c  Data  Gb  main.o [1]
GPIOE_BITBAND         0x4223'0000   0x380  Data  Gb  main.o [1]
GPIO_Mode              0x800'0161    0x66  Code  Gb  gpio.o [1]
I2C1                  0x4000'5400    0x24  Data  Gb  main.o [1]
I2C1_BITBAND          0x420a'8000   0x480  Data  Gb  main.o [1]
I2C2                  0x4000'5800    0x24  Data  Gb  main.o [1]
I2C2_BITBAND          0x420b'0000   0x480  Data  Gb  main.o [1]
IDWG                  0x4000'3000    0x10  Data  Gb  main.o [1]
IDWG_BITBAND          0x4206'0000   0x200  Data  Gb  main.o [1]
NVIC                  0xe000'e100   0xe04  Data  Gb  main.o [1]
PWR                   0x4000'7000     0x8  Data  Gb  main.o [1]
PWR_BITBAND           0x420e'0000   0x100  Data  Gb  main.o [1]
RCC                   0x4002'1000    0x30  Data  Gb  main.o [1]
RCC_BITBAND           0x4242'0000   0x600  Data  Gb  main.o [1]
RTC                   0x4000'2800    0x28  Data  Gb  main.o [1]
RTC_BITBAND           0x4205'0000   0x500  Data  Gb  main.o [1]
Region$$Table$$Base           0x0           --   Gb  - Linker created -
Region$$Table$$Limit          0x0           --   Gb  - Linker created -
SCB_ACTLR             0xe000'e008     0x4  Data  Gb  main.o [1]
SPI1                  0x4001'3000    0x24  Data  Gb  main.o [1]
SPI1_BITBAND          0x4226'0000   0x290  Data  Gb  main.o [1]
SPI2                  0x4000'3800    0x24  Data  Gb  main.o [1]
SPI2_BITBAND          0x4207'0000   0x290  Data  Gb  main.o [1]
STK                   0xe000'e010    0x10  Data  Gb  main.o [1]
TIM1                  0x4001'2c00    0x50  Data  Gb  main.o [1]
TIM1_BITBAND          0x4225'8000   0x984  Data  Gb  main.o [1]
TIM2                  0x4000'0000    0x50  Data  Gb  main.o [1]
TIM2_BITBAND          0x4200'0000   0xa00  Data  Gb  main.o [1]
TIM3                  0x4000'0400    0x50  Data  Gb  main.o [1]
TIM3_BITBAND          0x4200'8000   0xa00  Data  Gb  main.o [1]
TIM4                  0x4000'0800    0x50  Data  Gb  main.o [1]
TIM4_BITBAND          0x4201'0000   0xa00  Data  Gb  main.o [1]
UART1                 0x4001'3800    0x1c  Data  Gb  main.o [1]
UART1_BITBAND         0x4227'0000   0x304  Data  Gb  main.o [1]
UART2                 0x4000'4400    0x1c  Data  Gb  main.o [1]
UART2_BITBAND         0x4208'8000   0x304  Data  Gb  main.o [1]
UART3                 0x4000'4800    0x1c  Data  Gb  main.o [1]
UART3_BITBAND         0x4209'0000   0x304  Data  Gb  main.o [1]
WWDG                  0x4000'2c00     0xc  Data  Gb  main.o [1]
WWDG_BITBAND          0x4205'8000   0x180  Data  Gb  main.o [1]
__cmain                0x800'01c9          Code  Gb  cmain.o [3]
__exit                 0x800'01fd    0x14  Code  Gb  exit.o [4]
__iar_program_start    0x800'0211          Code  Gb  cstartup_M.o [3]
__low_level_init       0x800'01e7     0x4  Code  Gb  low_level_init.o [2]
__vector_table         0x800'0000          Data  Gb  startup_stm32f103cx.o [1]
_call_main             0x800'01d5          Code  Gb  cmain.o [3]
_exit                  0x800'01f1          Code  Gb  cexit.o [3]
_main                  0x800'01e3          Code  Gb  cmain.o [3]
exit                   0x800'01eb     0x4  Code  Gb  exit.o [2]
main                   0x800'00ed    0x74  Code  Gb  main.o [1]


[1] = E:\STM32_IR_TRACKING_PROJECT\Debug\Obj
[2] = dl7M_tln.a
[3] = rt7M_tl.a
[4] = shb_l.a

    756 bytes of readonly  code memory
  2'048 bytes of readwrite data memory (+ 42'972 absolute)

Errors: none
Warnings: none
