###############################################################################
#
# IAR ELF Linker V8.40.1.212/W32 for ARM                  30/Mar/2024  01:07:44
# Copyright 2007-2019 IAR Systems AB.
#
#    Output file  =  E:\STM32_IR_TRACKING_PROJECT\Debug\Exe\capture_ir.out
#    Map file     =  E:\STM32_IR_TRACKING_PROJECT\Debug\List\capture_ir.map
#    Command line =
#        -f C:\Users\thinh\AppData\Local\Temp\EW2BA2.tmp
#        (E:\STM32_IR_TRACKING_PROJECT\Debug\Obj\common.o
#        E:\STM32_IR_TRACKING_PROJECT\Debug\Obj\cortex_m3.o
#        E:\STM32_IR_TRACKING_PROJECT\Debug\Obj\gpio.o
#        E:\STM32_IR_TRACKING_PROJECT\Debug\Obj\main.o
#        E:\STM32_IR_TRACKING_PROJECT\Debug\Obj\startup_stm32f103cx.o
#        --no_out_extension -o
#        E:\STM32_IR_TRACKING_PROJECT\Debug\Exe\capture_ir.out --map
#        E:\STM32_IR_TRACKING_PROJECT\Debug\List\capture_ir.map --config
#        "C:\Program Files (x86)\IAR Systems\Embedded Workbench
#        8.3\arm\config\linker\ST\stm32f103x8.icf" --semihosting --entry
#        __iar_program_start --vfe --text_out locale)
#
###############################################################################

*******************************************************************************
*** RUNTIME MODEL ATTRIBUTES
***

CppFlavor       = *
__SystemLibrary = DLib
__dlib_version  = 6


*******************************************************************************
*** HEAP SELECTION
***

The basic heap was selected because no calls to memory allocation
functions were found in the application outside of system library
functions, and there are calls to deallocation functions in the
application.


*******************************************************************************
*** PLACEMENT SUMMARY
***

"A0":  place at address 0x800'0000 { ro section .intvec };
"P1":  place in [from 0x800'0000 to 0x800'ffff] { ro };
define block CSTACK with size = 2K, alignment = 8 { };
define block HEAP with size = 2K, alignment = 8 { };
"P2":  place in [from 0x2000'0000 to 0x2000'4fff] {
          rw, block CSTACK, block HEAP };

  Section          Kind         Address    Size  Object
  -------          ----         -------    ----  ------
"A0":                                      0xec
  .intvec          ro code   0x800'0000    0xec  startup_stm32f103cx.o [1]
                           - 0x800'00ec    0xec

"P1":                                     0x450
  .text            ro code   0x800'00ec   0x240  main.o [1]
  .text            ro code   0x800'032c    0x66  gpio.o [1]
  .text            ro code   0x800'0392    0x3a  zero_init3.o [3]
  .text            ro code   0x800'03cc    0x10  cortex_m3.o [1]
  .text            ro code   0x800'03dc    0x28  data_init.o [3]
  .iar.init_table  const     0x800'0404    0x10  - Linker created -
  .text            ro code   0x800'0414    0x1e  cmain.o [3]
  .text            ro code   0x800'0432     0x4  low_level_init.o [2]
  .text            ro code   0x800'0436     0x4  exit.o [2]
  .text            ro code   0x800'043c     0xa  cexit.o [3]
  .text            ro code   0x800'0448    0x14  exit.o [4]
  .text            ro code   0x800'045c     0xc  cstartup_M.o [3]
  .text            ro code   0x800'0468     0x8  startup_stm32f103cx.o [1]
  .text            ro code   0x800'0470     0x4  startup_stm32f103cx.o [1]
  .text            ro code   0x800'0474     0x4  startup_stm32f103cx.o [1]
  .text            ro code   0x800'0478     0x4  startup_stm32f103cx.o [1]
  .text            ro code   0x800'047c     0x4  startup_stm32f103cx.o [1]
  .text            ro code   0x800'0480     0x4  startup_stm32f103cx.o [1]
  .text            ro code   0x800'0484     0x4  startup_stm32f103cx.o [1]
  .text            ro code   0x800'0488     0x4  startup_stm32f103cx.o [1]
  .text            ro code   0x800'048c     0x4  startup_stm32f103cx.o [1]
  .text            ro code   0x800'0490     0x4  startup_stm32f103cx.o [1]
  .text            ro code   0x800'0494     0x4  startup_stm32f103cx.o [1]
  .text            ro code   0x800'0498     0x4  startup_stm32f103cx.o [1]
  .text            ro code   0x800'049c     0x4  startup_stm32f103cx.o [1]
  .text            ro code   0x800'04a0     0x4  startup_stm32f103cx.o [1]
  .text            ro code   0x800'04a4     0x4  startup_stm32f103cx.o [1]
  .text            ro code   0x800'04a8     0x4  startup_stm32f103cx.o [1]
  .text            ro code   0x800'04ac     0x4  startup_stm32f103cx.o [1]
  .text            ro code   0x800'04b0     0x4  startup_stm32f103cx.o [1]
  .text            ro code   0x800'04b4     0x4  startup_stm32f103cx.o [1]
  .text            ro code   0x800'04b8     0x4  startup_stm32f103cx.o [1]
  .text            ro code   0x800'04bc     0x4  startup_stm32f103cx.o [1]
  .text            ro code   0x800'04c0     0x4  startup_stm32f103cx.o [1]
  .text            ro code   0x800'04c4     0x4  startup_stm32f103cx.o [1]
  .text            ro code   0x800'04c8     0x4  startup_stm32f103cx.o [1]
  .text            ro code   0x800'04cc     0x4  startup_stm32f103cx.o [1]
  .text            ro code   0x800'04d0     0x4  startup_stm32f103cx.o [1]
  .text            ro code   0x800'04d4     0x4  startup_stm32f103cx.o [1]
  .text            ro code   0x800'04d8     0x4  startup_stm32f103cx.o [1]
  .text            ro code   0x800'04dc     0x4  startup_stm32f103cx.o [1]
  .text            ro code   0x800'04e0     0x4  startup_stm32f103cx.o [1]
  .text            ro code   0x800'04e4     0x4  startup_stm32f103cx.o [1]
  .text            ro code   0x800'04e8     0x4  startup_stm32f103cx.o [1]
  .text            ro code   0x800'04ec     0x4  startup_stm32f103cx.o [1]
  .text            ro code   0x800'04f0     0x4  startup_stm32f103cx.o [1]
  .text            ro code   0x800'04f4     0x4  startup_stm32f103cx.o [1]
  .text            ro code   0x800'04f8     0x4  startup_stm32f103cx.o [1]
  .text            ro code   0x800'04fc     0x4  startup_stm32f103cx.o [1]
  .text            ro code   0x800'0500     0x4  startup_stm32f103cx.o [1]
  .text            ro code   0x800'0504     0x4  startup_stm32f103cx.o [1]
  .text            ro code   0x800'0508     0x4  startup_stm32f103cx.o [1]
  .text            ro code   0x800'050c     0x4  startup_stm32f103cx.o [1]
  .text            ro code   0x800'0510     0x4  startup_stm32f103cx.o [1]
  .text            ro code   0x800'0514     0x4  startup_stm32f103cx.o [1]
  .text            ro code   0x800'0518     0x4  startup_stm32f103cx.o [1]
  .text            ro code   0x800'051c     0x4  startup_stm32f103cx.o [1]
  .text            ro code   0x800'0520     0x4  startup_stm32f103cx.o [1]
  .text            ro code   0x800'0524     0x4  startup_stm32f103cx.o [1]
  .text            ro code   0x800'0528     0x4  startup_stm32f103cx.o [1]
  .text            ro code   0x800'052c     0x4  startup_stm32f103cx.o [1]
  .text            ro code   0x800'0530     0x4  startup_stm32f103cx.o [1]
  .text            ro code   0x800'0534     0x4  startup_stm32f103cx.o [1]
  .text            ro code   0x800'0538     0x4  startup_stm32f103cx.o [1]
  .rodata          const     0x800'053c     0x0  zero_init3.o [3]
                           - 0x800'053c   0x450

"P2", part 1 of 2:                         0x30
  .bss             zero     0x2000'0000    0x14  main.o [1]
  .bss             zero     0x2000'0014     0xc  main.o [1]
  .bss             zero     0x2000'0020     0xc  main.o [1]
  .bss             zero     0x2000'002c     0x1  main.o [1]
                          - 0x2000'002d    0x2d

"P2", part 2 of 2:                        0x800
  CSTACK                    0x2000'0030   0x800  <Block>
    CSTACK         uninit   0x2000'0030   0x800  <Block tail>
                          - 0x2000'0830   0x800

Absolute sections, part 1 of 59:           0x50
  .noinit          uninit   0x4000'0000    0x50  main.o [1]
                          - 0x4000'0050    0x50

Absolute sections, part 2 of 59:           0x50
  .noinit          uninit   0x4000'0400    0x50  main.o [1]
                          - 0x4000'0450    0x50

Absolute sections, part 3 of 59:           0x50
  .noinit          uninit   0x4000'0800    0x50  main.o [1]
                          - 0x4000'0850    0x50

Absolute sections, part 4 of 59:           0x28
  .noinit          uninit   0x4000'2800    0x28  main.o [1]
                          - 0x4000'2828    0x28

Absolute sections, part 5 of 59:            0xc
  .noinit          uninit   0x4000'2c00     0xc  main.o [1]
                          - 0x4000'2c0c     0xc

Absolute sections, part 6 of 59:           0x10
  .noinit          uninit   0x4000'3000    0x10  main.o [1]
                          - 0x4000'3010    0x10

Absolute sections, part 7 of 59:           0x24
  .noinit          uninit   0x4000'3800    0x24  main.o [1]
                          - 0x4000'3824    0x24

Absolute sections, part 8 of 59:           0x1c
  .noinit          uninit   0x4000'4400    0x1c  main.o [1]
                          - 0x4000'441c    0x1c

Absolute sections, part 9 of 59:           0x1c
  .noinit          uninit   0x4000'4800    0x1c  main.o [1]
                          - 0x4000'481c    0x1c

Absolute sections, part 10 of 59:          0x24
  .noinit          uninit   0x4000'5400    0x24  main.o [1]
                          - 0x4000'5424    0x24

Absolute sections, part 11 of 59:          0x24
  .noinit          uninit   0x4000'5800    0x24  main.o [1]
                          - 0x4000'5824    0x24

Absolute sections, part 12 of 59:          0xc0
  .noinit          uninit   0x4000'6c00    0xc0  main.o [1]
                          - 0x4000'6cc0    0xc0

Absolute sections, part 13 of 59:           0x8
  .noinit          uninit   0x4000'7000     0x8  main.o [1]
                          - 0x4000'7008     0x8

Absolute sections, part 14 of 59:          0x20
  .noinit          uninit   0x4001'0000    0x20  main.o [1]
                          - 0x4001'0020    0x20

Absolute sections, part 15 of 59:          0x18
  .noinit          uninit   0x4001'0400    0x18  main.o [1]
                          - 0x4001'0418    0x18

Absolute sections, part 16 of 59:          0x1c
  .noinit          uninit   0x4001'0800    0x1c  main.o [1]
                          - 0x4001'081c    0x1c

Absolute sections, part 17 of 59:          0x1c
  .noinit          uninit   0x4001'0c00    0x1c  main.o [1]
                          - 0x4001'0c1c    0x1c

Absolute sections, part 18 of 59:          0x1c
  .noinit          uninit   0x4001'1000    0x1c  main.o [1]
                          - 0x4001'101c    0x1c

Absolute sections, part 19 of 59:          0x1c
  .noinit          uninit   0x4001'1400    0x1c  main.o [1]
                          - 0x4001'141c    0x1c

Absolute sections, part 20 of 59:          0x1c
  .noinit          uninit   0x4001'1800    0x1c  main.o [1]
                          - 0x4001'181c    0x1c

Absolute sections, part 21 of 59:          0x50
  .noinit          uninit   0x4001'2400    0x50  main.o [1]
                          - 0x4001'2450    0x50

Absolute sections, part 22 of 59:          0x50
  .noinit          uninit   0x4001'2800    0x50  main.o [1]
                          - 0x4001'2850    0x50

Absolute sections, part 23 of 59:          0x50
  .noinit          uninit   0x4001'2c00    0x50  main.o [1]
                          - 0x4001'2c50    0x50

Absolute sections, part 24 of 59:          0x24
  .noinit          uninit   0x4001'3000    0x24  main.o [1]
                          - 0x4001'3024    0x24

Absolute sections, part 25 of 59:          0x1c
  .noinit          uninit   0x4001'3800    0x1c  main.o [1]
                          - 0x4001'381c    0x1c

Absolute sections, part 26 of 59:          0x30
  .noinit          uninit   0x4002'1000    0x30  main.o [1]
                          - 0x4002'1030    0x30

Absolute sections, part 27 of 59:          0x24
  .noinit          uninit   0x4002'2000    0x24  main.o [1]
                          - 0x4002'2024    0x24

Absolute sections, part 28 of 59:           0xc
  .noinit          uninit   0x4002'3000     0xc  main.o [1]
                          - 0x4002'300c     0xc

Absolute sections, part 29 of 59:         0xa00
  .noinit          uninit   0x4200'0000   0xa00  main.o [1]
                          - 0x4200'0a00   0xa00

Absolute sections, part 30 of 59:         0xa00
  .noinit          uninit   0x4200'8000   0xa00  main.o [1]
                          - 0x4200'8a00   0xa00

Absolute sections, part 31 of 59:         0xa00
  .noinit          uninit   0x4201'0000   0xa00  main.o [1]
                          - 0x4201'0a00   0xa00

Absolute sections, part 32 of 59:         0x500
  .noinit          uninit   0x4205'0000   0x500  main.o [1]
                          - 0x4205'0500   0x500

Absolute sections, part 33 of 59:         0x180
  .noinit          uninit   0x4205'8000   0x180  main.o [1]
                          - 0x4205'8180   0x180

Absolute sections, part 34 of 59:         0x200
  .noinit          uninit   0x4206'0000   0x200  main.o [1]
                          - 0x4206'0200   0x200

Absolute sections, part 35 of 59:         0x290
  .noinit          uninit   0x4207'0000   0x290  main.o [1]
                          - 0x4207'0290   0x290

Absolute sections, part 36 of 59:         0x304
  .noinit          uninit   0x4208'8000   0x304  main.o [1]
                          - 0x4208'8304   0x304

Absolute sections, part 37 of 59:         0x304
  .noinit          uninit   0x4209'0000   0x304  main.o [1]
                          - 0x4209'0304   0x304

Absolute sections, part 38 of 59:         0x480
  .noinit          uninit   0x420a'8000   0x480  main.o [1]
                          - 0x420a'8480   0x480

Absolute sections, part 39 of 59:         0x480
  .noinit          uninit   0x420b'0000   0x480  main.o [1]
                          - 0x420b'0480   0x480

Absolute sections, part 40 of 59:        0x1800
  .noinit          uninit   0x420d'8000  0x1800  main.o [1]
                          - 0x420d'9800  0x1800

Absolute sections, part 41 of 59:         0x100
  .noinit          uninit   0x420e'0000   0x100  main.o [1]
                          - 0x420e'0100   0x100

Absolute sections, part 42 of 59:         0x400
  .noinit          uninit   0x4220'0000   0x400  main.o [1]
                          - 0x4220'0400   0x400

Absolute sections, part 43 of 59:         0x300
  .noinit          uninit   0x4220'8000   0x300  main.o [1]
                          - 0x4220'8300   0x300

Absolute sections, part 44 of 59:         0x380
  .noinit          uninit   0x4221'0000   0x380  main.o [1]
                          - 0x4221'0380   0x380

Absolute sections, part 45 of 59:         0x380
  .noinit          uninit   0x4221'8000   0x380  main.o [1]
                          - 0x4221'8380   0x380

Absolute sections, part 46 of 59:         0x380
  .noinit          uninit   0x4222'0000   0x380  main.o [1]
                          - 0x4222'0380   0x380

Absolute sections, part 47 of 59:         0x380
  .noinit          uninit   0x4222'8000   0x380  main.o [1]
                          - 0x4222'8380   0x380

Absolute sections, part 48 of 59:         0x380
  .noinit          uninit   0x4223'0000   0x380  main.o [1]
                          - 0x4223'0380   0x380

Absolute sections, part 49 of 59:         0x810
  .noinit          uninit   0x4224'8000   0x810  main.o [1]
                          - 0x4224'8810   0x810

Absolute sections, part 50 of 59:         0x810
  .noinit          uninit   0x4225'0000   0x810  main.o [1]
                          - 0x4225'0810   0x810

Absolute sections, part 51 of 59:         0x984
  .noinit          uninit   0x4225'8000   0x984  main.o [1]
                          - 0x4225'8984   0x984

Absolute sections, part 52 of 59:         0x290
  .noinit          uninit   0x4226'0000   0x290  main.o [1]
                          - 0x4226'0290   0x290

Absolute sections, part 53 of 59:         0x304
  .noinit          uninit   0x4227'0000   0x304  main.o [1]
                          - 0x4227'0304   0x304

Absolute sections, part 54 of 59:         0x600
  .noinit          uninit   0x4242'0000   0x600  main.o [1]
                          - 0x4242'0600   0x600

Absolute sections, part 55 of 59:         0x480
  .noinit          uninit   0x4244'0000   0x480  main.o [1]
                          - 0x4244'0480   0x480

Absolute sections, part 56 of 59:         0x180
  .noinit          uninit   0x4246'0000   0x180  main.o [1]
                          - 0x4246'0180   0x180

Absolute sections, part 57 of 59:           0x4
  .noinit          uninit   0xe000'e008     0x4  main.o [1]
                          - 0xe000'e00c     0x4

Absolute sections, part 58 of 59:          0x10
  .noinit          uninit   0xe000'e010    0x10  main.o [1]
                          - 0xe000'e020    0x10

Absolute sections, part 59 of 59:         0xe04
  .noinit          uninit   0xe000'e100   0xe04  main.o [1]
                          - 0xe000'ef04   0xe04

Unused ranges:

         From           To    Size
         ----           --    ----
   0x800'053c   0x800'ffff  0xfac4
  0x2000'0830  0x2000'4fff  0x47d0


*******************************************************************************
*** INIT TABLE
***

          Address      Size
          -------      ----
Zero (__iar_zero_init3)
    1 destination range, total size 0x2d:
          0x2000'0000  0x2d



*******************************************************************************
*** MODULE SUMMARY
***

    Module                 ro code  ro data  rw data  rw data
                                                       (abs)
    ------                 -------  -------  -------  -------
command line/config:
    ---------------------------------------------------------
    Total:

E:\STM32_IR_TRACKING_PROJECT\Debug\Obj: [1]
    cortex_m3.o                 16
    gpio.o                     102
    main.o                     576                45   42'972
    startup_stm32f103cx.o      448
    ---------------------------------------------------------
    Total:                   1'142                45   42'972

dl7M_tln.a: [2]
    exit.o                       4
    low_level_init.o             4
    ---------------------------------------------------------
    Total:                       8

rt7M_tl.a: [3]
    cexit.o                     10
    cmain.o                     30
    cstartup_M.o                12
    data_init.o                 40
    zero_init3.o                58
    ---------------------------------------------------------
    Total:                     150

shb_l.a: [4]
    exit.o                      20
    ---------------------------------------------------------
    Total:                      20

    Gaps                         4
    Linker created                       16    2'048
-------------------------------------------------------------
    Grand Total:             1'324       16    2'093   42'972


*******************************************************************************
*** ENTRY LIST
***

Entry                       Address    Size  Type      Object
-----                       -------    ----  ----      ------
.iar.init_table$$Base    0x800'0404           --   Gb  - Linker created -
.iar.init_table$$Limit   0x800'0414           --   Gb  - Linker created -
?main                    0x800'0415          Code  Gb  cmain.o [3]
ADC1                    0x4001'2400    0x50  Data  Gb  main.o [1]
ADC1_BITBAND            0x4224'8000   0x810  Data  Gb  main.o [1]
ADC2                    0x4001'2800    0x50  Data  Gb  main.o [1]
ADC2_BITBAND            0x4225'0000   0x810  Data  Gb  main.o [1]
AFIO                    0x4001'0000    0x20  Data  Gb  main.o [1]
AFIO_BITBAND            0x4220'0000   0x400  Data  Gb  main.o [1]
BKP                     0x4000'6c00    0xc0  Data  Gb  main.o [1]
BKP_BITBAND             0x420d'8000  0x1800  Data  Gb  main.o [1]
CRC                     0x4002'3000     0xc  Data  Gb  main.o [1]
CRC_BITBAND             0x4246'0000   0x180  Data  Gb  main.o [1]
CSTACK$$Base            0x2000'0030           --   Gb  - Linker created -
CSTACK$$Limit           0x2000'0830           --   Gb  - Linker created -
EXTI                    0x4001'0400    0x18  Data  Gb  main.o [1]
EXTI_BITBAND            0x4220'8000   0x300  Data  Gb  main.o [1]
FLASH                   0x4002'2000    0x24  Data  Gb  main.o [1]
FLASH_BITBAND           0x4244'0000   0x480  Data  Gb  main.o [1]
GPIOA                   0x4001'0800    0x1c  Data  Gb  main.o [1]
GPIOA_BITBAND           0x4221'0000   0x380  Data  Gb  main.o [1]
GPIOB                   0x4001'0c00    0x1c  Data  Gb  main.o [1]
GPIOB_BITBAND           0x4221'8000   0x380  Data  Gb  main.o [1]
GPIOC                   0x4001'1000    0x1c  Data  Gb  main.o [1]
GPIOC_BITBAND           0x4222'0000   0x380  Data  Gb  main.o [1]
GPIOD                   0x4001'1400    0x1c  Data  Gb  main.o [1]
GPIOD_BITBAND           0x4222'8000   0x380  Data  Gb  main.o [1]
GPIOE                   0x4001'1800    0x1c  Data  Gb  main.o [1]
GPIOE_BITBAND           0x4223'0000   0x380  Data  Gb  main.o [1]
GPIO_Mode                0x800'032d    0x66  Code  Gb  gpio.o [1]
I2C1                    0x4000'5400    0x24  Data  Gb  main.o [1]
I2C1_BITBAND            0x420a'8000   0x480  Data  Gb  main.o [1]
I2C2                    0x4000'5800    0x24  Data  Gb  main.o [1]
I2C2_BITBAND            0x420b'0000   0x480  Data  Gb  main.o [1]
IDWG                    0x4000'3000    0x10  Data  Gb  main.o [1]
IDWG_BITBAND            0x4206'0000   0x200  Data  Gb  main.o [1]
IRCapture               0x2000'0000    0x14  Data  Gb  main.o [1]
IRReader                0x2000'0014     0xc  Data  Gb  main.o [1]
Learn                   0x2000'002c     0x1  Data  Gb  main.o [1]
NVIC                    0xe000'e100   0xe04  Data  Gb  main.o [1]
PWR                     0x4000'7000     0x8  Data  Gb  main.o [1]
PWR_BITBAND             0x420e'0000   0x100  Data  Gb  main.o [1]
RCC                     0x4002'1000    0x30  Data  Gb  main.o [1]
RCC_BITBAND             0x4242'0000   0x600  Data  Gb  main.o [1]
RTC                     0x4000'2800    0x28  Data  Gb  main.o [1]
RTC_BITBAND             0x4205'0000   0x500  Data  Gb  main.o [1]
Region$$Table$$Base      0x800'0404           --   Gb  - Linker created -
Region$$Table$$Limit     0x800'0414           --   Gb  - Linker created -
SCB_ACTLR               0xe000'e008     0x4  Data  Gb  main.o [1]
SPI1                    0x4001'3000    0x24  Data  Gb  main.o [1]
SPI1_BITBAND            0x4226'0000   0x290  Data  Gb  main.o [1]
SPI2                    0x4000'3800    0x24  Data  Gb  main.o [1]
SPI2_BITBAND            0x4207'0000   0x290  Data  Gb  main.o [1]
STK                     0xe000'e010    0x10  Data  Gb  main.o [1]
STK_Init                 0x800'03cd    0x10  Code  Gb  cortex_m3.o [1]
SysTick_Handler          0x800'00ed   0x174  Code  Gb  main.o [1]
TIM1                    0x4001'2c00    0x50  Data  Gb  main.o [1]
TIM1_BITBAND            0x4225'8000   0x984  Data  Gb  main.o [1]
TIM2                    0x4000'0000    0x50  Data  Gb  main.o [1]
TIM2_BITBAND            0x4200'0000   0xa00  Data  Gb  main.o [1]
TIM3                    0x4000'0400    0x50  Data  Gb  main.o [1]
TIM3_BITBAND            0x4200'8000   0xa00  Data  Gb  main.o [1]
TIM4                    0x4000'0800    0x50  Data  Gb  main.o [1]
TIM4_BITBAND            0x4201'0000   0xa00  Data  Gb  main.o [1]
ToggleRed_Buff          0x2000'0020     0xc  Data  Gb  main.o [1]
UART1                   0x4001'3800    0x1c  Data  Gb  main.o [1]
UART1_BITBAND           0x4227'0000   0x304  Data  Gb  main.o [1]
UART2                   0x4000'4400    0x1c  Data  Gb  main.o [1]
UART2_BITBAND           0x4208'8000   0x304  Data  Gb  main.o [1]
UART3                   0x4000'4800    0x1c  Data  Gb  main.o [1]
UART3_BITBAND           0x4209'0000   0x304  Data  Gb  main.o [1]
WWDG                    0x4000'2c00     0xc  Data  Gb  main.o [1]
WWDG_BITBAND            0x4205'8000   0x180  Data  Gb  main.o [1]
__cmain                  0x800'0415          Code  Gb  cmain.o [3]
__exit                   0x800'0449    0x14  Code  Gb  exit.o [4]
__iar_data_init3         0x800'03dd    0x28  Code  Gb  data_init.o [3]
__iar_program_start      0x800'045d          Code  Gb  cstartup_M.o [3]
__iar_zero_init3         0x800'0393    0x3a  Code  Gb  zero_init3.o [3]
__low_level_init         0x800'0433     0x4  Code  Gb  low_level_init.o [2]
__vector_table           0x800'0000          Data  Gb  startup_stm32f103cx.o [1]
_call_main               0x800'0421          Code  Gb  cmain.o [3]
_exit                    0x800'043d          Code  Gb  cexit.o [3]
_main                    0x800'042f          Code  Gb  cmain.o [3]
exit                     0x800'0437     0x4  Code  Gb  exit.o [2]
main                     0x800'0261    0xb0  Code  Gb  main.o [1]


[1] = E:\STM32_IR_TRACKING_PROJECT\Debug\Obj
[2] = dl7M_tln.a
[3] = rt7M_tl.a
[4] = shb_l.a

  1'324 bytes of readonly  code memory
     16 bytes of readonly  data memory
  2'093 bytes of readwrite data memory (+ 42'972 absolute)

Errors: none
Warnings: none
